[2026-05-29 00:33:13.992 +00:00] [INF] [1] Emby.Server.Implementations.AppBase.BaseConfigurationManager: Setting cache path: "/cache"
[2026-05-29 00:33:14.148 +00:00] [INF] [10] Jellyfin.Server.ServerSetupApp.SetupServer: Kestrel is listening on "0.0.0.0"
[2026-05-29 00:33:14.171 +00:00] [INF] [10] Main: Jellyfin version: "10.11.10"
[2026-05-29 00:33:14.174 +00:00] [INF] [10] Main: Environment Variables: ["[JELLYFIN_CONFIG_DIR, /config/config]", "[JELLYFIN_CACHE_DIR, /cache]", "[JELLYFIN_WEB_DIR, /jellyfin/jellyfin-web]", "[JELLYFIN_FFMPEG, /usr/lib/jellyfin-ffmpeg/ffmpeg]", "[JELLYFIN_LOG_DIR, /config/log]", "[JELLYFIN_DATA_DIR, /config]"]
[2026-05-29 00:33:14.175 +00:00] [INF] [10] Main: Arguments: ["/jellyfin/jellyfin.dll"]
[2026-05-29 00:33:14.176 +00:00] [INF] [10] Main: Operating system: "Debian GNU/Linux 13 (trixie)"
[2026-05-29 00:33:14.176 +00:00] [INF] [10] Main: Architecture: X64
[2026-05-29 00:33:14.176 +00:00] [INF] [10] Main: 64-Bit Process: True
[2026-05-29 00:33:14.176 +00:00] [INF] [10] Main: User Interactive: True
[2026-05-29 00:33:14.176 +00:00] [INF] [10] Main: Processor count: 4
[2026-05-29 00:33:14.176 +00:00] [INF] [10] Main: Program data path: "/config"
[2026-05-29 00:33:14.176 +00:00] [INF] [10] Main: Log directory path: "/config/log"
[2026-05-29 00:33:14.177 +00:00] [INF] [10] Main: Config directory path: "/config/config"
[2026-05-29 00:33:14.177 +00:00] [INF] [10] Main: Cache path: "/cache"
[2026-05-29 00:33:14.177 +00:00] [INF] [10] Main: Temp directory path: "/tmp/jellyfin"
[2026-05-29 00:33:14.177 +00:00] [INF] [10] Main: Web resources path: "/jellyfin/jellyfin-web"
[2026-05-29 00:33:14.177 +00:00] [INF] [10] Main: Application directory: "/jellyfin/"
[2026-05-29 00:33:14.190 +00:00] [INF] [10] Jellyfin.Server.Startup: Storage path `"/config/data"` (Fixed) successfully checked with "208.6GiB" free which is over the minimum of "2GiB".
[2026-05-29 00:33:14.191 +00:00] [INF] [10] Jellyfin.Server.Startup: Storage path `"/cache"` (Fixed) successfully checked with "208.6GiB" free which is over the minimum of "2GiB".
[2026-05-29 00:33:14.191 +00:00] [INF] [10] Jellyfin.Server.Startup: Storage path `"/config"` (Fixed) successfully checked with "208.6GiB" free which is over the minimum of "2GiB".
[2026-05-29 00:33:14.229 +00:00] [INF] [10] Emby.Server.Implementations.AppBase.BaseConfigurationManager: Setting cache path: "/cache"
[2026-05-29 00:33:14.284 +00:00] [INF] [10] Jellyfin.Database.Providers.Sqlite.SqliteDatabaseProvider: SQLite connection string: "Data Source=/config/data/jellyfin.db;Cache=Default;Default Timeout=30;Pooling=True"
[2026-05-29 00:33:14.289 +00:00] [INF] [10] Jellyfin.Database.Providers.Sqlite.SqliteDatabaseProvider: SQLITE connection pragma command set to: 
"PRAGMA locking_mode=NORMAL;
PRAGMA journal_size_limit=134217728;
PRAGMA synchronous=1;
PRAGMA temp_store=2;
"
[2026-05-29 00:33:14.290 +00:00] [INF] [10] Jellyfin.Database.Implementations.Locking.NoLockBehavior: The database locking mode has been set to: NoLock.
[2026-05-29 00:33:14.319 +00:00] [INF] [10] Jellyfin.Server.Migrations.JellyfinMigrationService: Initialise Migration service.
[2026-05-29 00:33:14.319 +00:00] [INF] [10] Jellyfin.Server.Migrations.JellyfinMigrationService: System initialisation detected. Seed data.
[2026-05-29 00:33:15.339 +00:00] [INF] [10] Jellyfin.Server.Migrations.JellyfinMigrationService: Seed migration null-"UpdateNormalizedUsername".
[2026-05-29 00:33:15.342 +00:00] [INF] [10] Jellyfin.Server.Migrations.JellyfinMigrationService: Seed migration null-"CleanMusicArtist".
[2026-05-29 00:33:15.342 +00:00] [INF] [10] Jellyfin.Server.Migrations.JellyfinMigrationService: Seed migration ef103419-8451-40d8-9f34-d1a8e93a1679-"CreateUserLoggingConfigFile".
[2026-05-29 00:33:15.344 +00:00] [INF] [10] Jellyfin.Server.Migrations.JellyfinMigrationService: Seed migration 4124c2cd-e939-4ffb-9be9-9b311c413638-"DisableTranscodingThrottling".
[2026-05-29 00:33:15.344 +00:00] [INF] [10] Jellyfin.Server.Migrations.JellyfinMigrationService: Seed migration cf6fabc2-9fbe-4933-84a5-ffe52ef22a58-"FixAudioData".
[2026-05-29 00:33:15.345 +00:00] [INF] [10] Jellyfin.Server.Migrations.JellyfinMigrationService: Seed migration null-"FixDates".
[2026-05-29 00:33:15.345 +00:00] [INF] [10] Jellyfin.Server.Migrations.JellyfinMigrationService: Seed migration null-"FixLibrarySubtitleDownloadLanguages".
[2026-05-29 00:33:15.345 +00:00] [INF] [10] Jellyfin.Server.Migrations.JellyfinMigrationService: Seed migration 615dfa9e-2497-4dbb-a472-61938b752c5b-"FixPlaylistOwner".
[2026-05-29 00:33:15.345 +00:00] [INF] [10] Jellyfin.Server.Migrations.JellyfinMigrationService: Seed migration 3793eb59-bc8c-456c-8b9f-bd5a62a42978-"MigrateActivityLogDb".
[2026-05-29 00:33:15.345 +00:00] [INF] [10] Jellyfin.Server.Migrations.JellyfinMigrationService: Seed migration 5bd72f41-e6f3-4f60-90aa-09869abe0e22-"MigrateAuthenticationDb".
[2026-05-29 00:33:15.345 +00:00] [INF] [10] Jellyfin.Server.Migrations.JellyfinMigrationService: Seed migration 06387815-c3cc-421f-a888-fb5f9992bea8-"MigrateDisplayPreferencesDb".
[2026-05-29 00:33:15.345 +00:00] [INF] [10] Jellyfin.Server.Migrations.JellyfinMigrationService: Seed migration null-"MigrateKeyframeData".
[2026-05-29 00:33:15.346 +00:00] [INF] [10] Jellyfin.Server.Migrations.JellyfinMigrationService: Seed migration null-"MigrateLibraryDb".
[2026-05-29 00:33:15.346 +00:00] [INF] [10] Jellyfin.Server.Migrations.JellyfinMigrationService: Seed migration null-"MigrateLibraryDbCompatibilityCheck".
[2026-05-29 00:33:15.346 +00:00] [INF] [10] Jellyfin.Server.Migrations.JellyfinMigrationService: Seed migration null-"MigrateLibraryUserData".
[2026-05-29 00:33:15.346 +00:00] [INF] [10] Jellyfin.Server.Migrations.JellyfinMigrationService: Seed migration null-"MigrateRatingLevels".
[2026-05-29 00:33:15.346 +00:00] [INF] [10] Jellyfin.Server.Migrations.JellyfinMigrationService: Seed migration 5c4b82a2-f053-4009-bd05-b6fcad82f14c-"MigrateUserDb".
[2026-05-29 00:33:15.346 +00:00] [INF] [10] Jellyfin.Server.Migrations.JellyfinMigrationService: Seed migration null-"MoveExtractedFiles".
[2026-05-29 00:33:15.346 +00:00] [INF] [10] Jellyfin.Server.Migrations.JellyfinMigrationService: Seed migration null-"RefreshInternalDateModified".
[2026-05-29 00:33:15.347 +00:00] [INF] [10] Jellyfin.Server.Migrations.JellyfinMigrationService: Seed migration a81f75e0-8f43-416f-a5e8-516ccab4d8cc-"RemoveDownloadImagesInAdvance".
[2026-05-29 00:33:15.347 +00:00] [INF] [10] Jellyfin.Server.Migrations.JellyfinMigrationService: Seed migration acbe17b7-8435-4a83-8b64-6fcf162cb9bd-"RemoveDuplicateExtras".
[2026-05-29 00:33:15.347 +00:00] [INF] [10] Jellyfin.Server.Migrations.JellyfinMigrationService: Seed migration 96c156a2-7a13-4b3b-a8b8-fb80c94d20c0-"RemoveDuplicatePlaylistChildren".
[2026-05-29 00:33:15.347 +00:00] [INF] [10] Jellyfin.Server.Migrations.JellyfinMigrationService: Seed migration null-"ReseedFolderFlag".
[2026-05-29 00:33:15.347 +00:00] [INF] [10] Jellyfin.Server.Migrations.JellyfinMigrationService: Seed migration 9b354818-94d5-4b68-ac49-e35cb85f9d84-"CreateNetworkConfiguration".
[2026-05-29 00:33:15.347 +00:00] [INF] [10] Jellyfin.Server.Migrations.JellyfinMigrationService: Seed migration a8e61960-7726-4450-8f3d-82c12daabbcb-"MigrateEncodingOptions".
[2026-05-29 00:33:15.347 +00:00] [INF] [10] Jellyfin.Server.Migrations.JellyfinMigrationService: Seed migration a6dcacf4-c057-4ef9-80d3-61cef9ddb4f0-"MigrateMusicBrainzTimeout".
[2026-05-29 00:33:15.348 +00:00] [INF] [10] Jellyfin.Server.Migrations.JellyfinMigrationService: Seed migration 4fb5c950-1991-11ee-9b4b-0800200c9a66-"MigrateNetworkConfiguration".
[2026-05-29 00:33:15.348 +00:00] [INF] [10] Jellyfin.Server.Migrations.JellyfinMigrationService: Seed migration e73b777d-cd5c-4e71-957a-b86b3660b7cf-"RenameEnableGroupingIntoCollections".
[2026-05-29 00:33:15.353 +00:00] [INF] [10] Jellyfin.Server.Migrations.JellyfinMigrationService: Migration system initialisation completed.
[2026-05-29 00:33:15.360 +00:00] [INF] [10] Jellyfin.Server.Migrations.JellyfinMigrationService: There are 0 migrations for stage PreInitialisation.
[2026-05-29 00:33:15.366 +00:00] [INF] [10] Emby.Server.Implementations.AppBase.BaseConfigurationManager: Setting cache path: "/cache"
[2026-05-29 00:33:15.372 +00:00] [INF] [10] Emby.Server.Implementations.ApplicationHost: Loading assemblies
[2026-05-29 00:33:15.403 +00:00] [INF] [10] Jellyfin.Networking.Manager.NetworkManager: Defined LAN subnets: ["127.0.0.1/8", "10.0.0.0/8", "172.16.0.0/12", "192.168.0.0/16"]
[2026-05-29 00:33:15.403 +00:00] [INF] [10] Jellyfin.Networking.Manager.NetworkManager: Defined LAN exclusions: []
[2026-05-29 00:33:15.403 +00:00] [INF] [10] Jellyfin.Networking.Manager.NetworkManager: Used LAN subnets: ["127.0.0.1/8", "10.0.0.0/8", "172.16.0.0/12", "192.168.0.0/16"]
[2026-05-29 00:33:15.405 +00:00] [INF] [10] Jellyfin.Networking.Manager.NetworkManager: Filtered interface addresses: ["127.0.0.1", "172.18.0.2"]
[2026-05-29 00:33:15.405 +00:00] [INF] [10] Jellyfin.Networking.Manager.NetworkManager: Bind Addresses ["0.0.0.0"]
[2026-05-29 00:33:15.405 +00:00] [INF] [10] Jellyfin.Networking.Manager.NetworkManager: Remote IP filter is "Allowlist"
[2026-05-29 00:33:15.405 +00:00] [INF] [10] Jellyfin.Networking.Manager.NetworkManager: Filtered subnets: []
[2026-05-29 00:33:15.466 +00:00] [INF] [10] Jellyfin.Database.Providers.Sqlite.SqliteDatabaseProvider: SQLite connection string: "Data Source=/config/data/jellyfin.db;Cache=Default;Default Timeout=30;Pooling=True"
[2026-05-29 00:33:15.466 +00:00] [INF] [10] Jellyfin.Database.Providers.Sqlite.SqliteDatabaseProvider: SQLITE connection pragma command set to: 
"PRAGMA locking_mode=NORMAL;
PRAGMA journal_size_limit=134217728;
PRAGMA synchronous=1;
PRAGMA temp_store=2;
"
[2026-05-29 00:33:15.467 +00:00] [INF] [10] Jellyfin.Database.Implementations.Locking.NoLockBehavior: The database locking mode has been set to: NoLock.
[2026-05-29 00:33:15.471 +00:00] [INF] [10] Main: Prepare system for possible migrations
[2026-05-29 00:33:15.507 +00:00] [INF] [10] Main: A migration will attempt to modify the jellyfin.db, will attempt to backup the file now.
[2026-05-29 00:33:15.508 +00:00] [INF] [10] Main: Jellyfin database has been backed up as "20260529123315"
[2026-05-29 00:33:15.511 +00:00] [INF] [10] Jellyfin.Server.Migrations.JellyfinMigrationService: There are 0 migrations for stage CoreInitialisation.
[2026-05-29 00:33:15.512 +00:00] [INF] [10] InternalDatabaseMigration: Perform migration "20200514181226_AddActivityLog"
[2026-05-29 00:33:15.547 +00:00] [INF] [10] InternalDatabaseMigration: Migration "20200514181226_AddActivityLog" was successfully applied
[2026-05-29 00:33:15.547 +00:00] [INF] [10] InternalDatabaseMigration: Perform migration "20200613202153_AddUsers"
[2026-05-29 00:33:15.574 +00:00] [INF] [10] InternalDatabaseMigration: Migration "20200613202153_AddUsers" was successfully applied
[2026-05-29 00:33:15.575 +00:00] [INF] [10] InternalDatabaseMigration: Perform migration "20200728005145_AddDisplayPreferences"
[2026-05-29 00:33:15.594 +00:00] [INF] [10] InternalDatabaseMigration: Migration "20200728005145_AddDisplayPreferences" was successfully applied
[2026-05-29 00:33:15.594 +00:00] [INF] [10] InternalDatabaseMigration: Perform migration "20200905220533_FixDisplayPreferencesIndex"
[2026-05-29 00:33:15.602 +00:00] [INF] [10] InternalDatabaseMigration: Migration "20200905220533_FixDisplayPreferencesIndex" was successfully applied
[2026-05-29 00:33:15.603 +00:00] [INF] [10] InternalDatabaseMigration: Perform migration "20201004171403_AddMaxActiveSessions"
[2026-05-29 00:33:15.616 +00:00] [INF] [10] InternalDatabaseMigration: Migration "20201004171403_AddMaxActiveSessions" was successfully applied
[2026-05-29 00:33:15.616 +00:00] [INF] [10] InternalDatabaseMigration: Perform migration "20201204223655_AddCustomDisplayPreferences"
[2026-05-29 00:33:15.640 +00:00] [INF] [10] InternalDatabaseMigration: Migration "20201204223655_AddCustomDisplayPreferences" was successfully applied
[2026-05-29 00:33:15.640 +00:00] [INF] [10] InternalDatabaseMigration: Perform migration "20210320181425_AddIndexesAndCollations"
[2026-05-29 00:33:15.661 +00:00] [WRN] [10] Microsoft.EntityFrameworkCore.Migrations: An operation of type '"SqlOperation"' will be attempted while a rebuild of table '"ImageInfos"' is pending. The database may not be in an expected state. Review the SQL generated by this migration to help diagnose any failures. Consider moving these operations to a subsequent migration.
[2026-05-29 00:33:15.661 +00:00] [WRN] [10] Microsoft.EntityFrameworkCore.Migrations: An operation of type '"SqlOperation"' will be attempted while a rebuild of table '"ImageInfos"' is pending. The database may not be in an expected state. Review the SQL generated by this migration to help diagnose any failures. Consider moving these operations to a subsequent migration.
[2026-05-29 00:33:15.663 +00:00] [WRN] [10] Microsoft.EntityFrameworkCore.Migrations: An operation of type '"SqlOperation"' will be attempted while a rebuild of table '"Permissions"' is pending. The database may not be in an expected state. Review the SQL generated by this migration to help diagnose any failures. Consider moving these operations to a subsequent migration.
[2026-05-29 00:33:15.663 +00:00] [WRN] [10] Microsoft.EntityFrameworkCore.Migrations: An operation of type '"SqlOperation"' will be attempted while a rebuild of table '"Permissions"' is pending. The database may not be in an expected state. Review the SQL generated by this migration to help diagnose any failures. Consider moving these operations to a subsequent migration.
[2026-05-29 00:33:15.664 +00:00] [WRN] [10] Microsoft.EntityFrameworkCore.Migrations: An operation of type '"SqlOperation"' will be attempted while a rebuild of table '"Preferences"' is pending. The database may not be in an expected state. Review the SQL generated by this migration to help diagnose any failures. Consider moving these operations to a subsequent migration.
[2026-05-29 00:33:15.664 +00:00] [WRN] [10] Microsoft.EntityFrameworkCore.Migrations: An operation of type '"SqlOperation"' will be attempted while a rebuild of table '"Preferences"' is pending. The database may not be in an expected state. Review the SQL generated by this migration to help diagnose any failures. Consider moving these operations to a subsequent migration.
[2026-05-29 00:33:15.664 +00:00] [WRN] [10] Microsoft.EntityFrameworkCore.Migrations: An operation of type '"SqlOperation"' will be attempted while a rebuild of table '"Users"' is pending. The database may not be in an expected state. Review the SQL generated by this migration to help diagnose any failures. Consider moving these operations to a subsequent migration.
[2026-05-29 00:33:15.664 +00:00] [WRN] [10] Microsoft.EntityFrameworkCore.Migrations: An operation of type '"SqlOperation"' will be attempted while a rebuild of table '"Users"' is pending. The database may not be in an expected state. Review the SQL generated by this migration to help diagnose any failures. Consider moving these operations to a subsequent migration.
[2026-05-29 00:33:15.672 +00:00] [INF] [10] InternalDatabaseMigration: Migration "20210320181425_AddIndexesAndCollations" was successfully applied
[2026-05-29 00:33:15.672 +00:00] [INF] [10] InternalDatabaseMigration: Perform migration "20210407110544_NullableCustomPrefValue"
[2026-05-29 00:33:15.686 +00:00] [INF] [10] InternalDatabaseMigration: Migration "20210407110544_NullableCustomPrefValue" was successfully applied
[2026-05-29 00:33:15.686 +00:00] [INF] [10] InternalDatabaseMigration: Perform migration "20210814002109_AddDevices"
[2026-05-29 00:33:15.708 +00:00] [INF] [10] InternalDatabaseMigration: Migration "20210814002109_AddDevices" was successfully applied
[2026-05-29 00:33:15.708 +00:00] [INF] [10] InternalDatabaseMigration: Perform migration "20221022080052_AddIndexActivityLogsDateCreated"
[2026-05-29 00:33:15.718 +00:00] [INF] [10] InternalDatabaseMigration: Migration "20221022080052_AddIndexActivityLogsDateCreated" was successfully applied
[2026-05-29 00:33:15.718 +00:00] [INF] [10] InternalDatabaseMigration: Perform migration "20230526173516_RemoveEasyPassword"
[2026-05-29 00:33:15.737 +00:00] [INF] [10] InternalDatabaseMigration: Migration "20230526173516_RemoveEasyPassword" was successfully applied
[2026-05-29 00:33:15.737 +00:00] [INF] [10] InternalDatabaseMigration: Perform migration "20230626233818_AddTrickplayInfos"
[2026-05-29 00:33:15.750 +00:00] [INF] [10] InternalDatabaseMigration: Migration "20230626233818_AddTrickplayInfos" was successfully applied
[2026-05-29 00:33:15.750 +00:00] [INF] [10] InternalDatabaseMigration: Perform migration "20230923170422_UserCastReceiver"
[2026-05-29 00:33:15.762 +00:00] [INF] [10] InternalDatabaseMigration: Migration "20230923170422_UserCastReceiver" was successfully applied
[2026-05-29 00:33:15.762 +00:00] [INF] [10] InternalDatabaseMigration: Perform migration "20240729140605_AddMediaSegments"
[2026-05-29 00:33:15.774 +00:00] [INF] [10] InternalDatabaseMigration: Migration "20240729140605_AddMediaSegments" was successfully applied
[2026-05-29 00:33:15.774 +00:00] [INF] [10] InternalDatabaseMigration: Perform migration "20240928082930_MarkSegmentProviderIdNonNullable"
[2026-05-29 00:33:15.792 +00:00] [INF] [10] InternalDatabaseMigration: Migration "20240928082930_MarkSegmentProviderIdNonNullable" was successfully applied
[2026-05-29 00:33:15.792 +00:00] [INF] [10] InternalDatabaseMigration: Perform migration "20241020103111_LibraryDbMigration"
[2026-05-29 00:33:15.841 +00:00] [INF] [10] InternalDatabaseMigration: Migration "20241020103111_LibraryDbMigration" was successfully applied
[2026-05-29 00:33:15.841 +00:00] [INF] [10] InternalDatabaseMigration: Perform migration "20241111131257_AddedCustomDataKey"
[2026-05-29 00:33:15.865 +00:00] [INF] [10] InternalDatabaseMigration: Migration "20241111131257_AddedCustomDataKey" was successfully applied
[2026-05-29 00:33:15.865 +00:00] [INF] [10] InternalDatabaseMigration: Perform migration "20241111135439_AddedCustomDataKeyKey"
[2026-05-29 00:33:15.912 +00:00] [INF] [10] InternalDatabaseMigration: Migration "20241111135439_AddedCustomDataKeyKey" was successfully applied
[2026-05-29 00:33:15.912 +00:00] [INF] [10] InternalDatabaseMigration: Perform migration "20241112152323_FixAncestorIdConfig"
[2026-05-29 00:33:15.951 +00:00] [INF] [10] InternalDatabaseMigration: Migration "20241112152323_FixAncestorIdConfig" was successfully applied
[2026-05-29 00:33:15.951 +00:00] [INF] [10] InternalDatabaseMigration: Perform migration "20241112232041_FixMediaStreams"
[2026-05-29 00:33:15.999 +00:00] [INF] [10] InternalDatabaseMigration: Migration "20241112232041_FixMediaStreams" was successfully applied
[2026-05-29 00:33:15.999 +00:00] [INF] [10] InternalDatabaseMigration: Perform migration "20241112234144_FixMediaStreams2"
[2026-05-29 00:33:16.046 +00:00] [INF] [10] InternalDatabaseMigration: Migration "20241112234144_FixMediaStreams2" was successfully applied
[2026-05-29 00:33:16.046 +00:00] [INF] [10] InternalDatabaseMigration: Perform migration "20241113133548_EnforceUniqueItemValue"
[2026-05-29 00:33:16.068 +00:00] [INF] [10] InternalDatabaseMigration: Migration "20241113133548_EnforceUniqueItemValue" was successfully applied
[2026-05-29 00:33:16.068 +00:00] [INF] [10] InternalDatabaseMigration: Perform migration "20250202021306_FixedCollation"
[2026-05-29 00:33:16.108 +00:00] [INF] [10] InternalDatabaseMigration: Migration "20250202021306_FixedCollation" was successfully applied
[2026-05-29 00:33:16.108 +00:00] [INF] [10] InternalDatabaseMigration: Perform migration "20250204092455_MakeStartEndDateNullable"
[2026-05-29 00:33:16.156 +00:00] [INF] [10] InternalDatabaseMigration: Migration "20250204092455_MakeStartEndDateNullable" was successfully applied
[2026-05-29 00:33:16.156 +00:00] [INF] [10] InternalDatabaseMigration: Perform migration "20250214031148_ChannelIdGuid"
[2026-05-29 00:33:16.178 +00:00] [INF] [10] InternalDatabaseMigration: Migration "20250214031148_ChannelIdGuid" was successfully applied
[2026-05-29 00:33:16.178 +00:00] [INF] [10] InternalDatabaseMigration: Perform migration "20250326065026_AddInheritedParentalRatingSubValue"
[2026-05-29 00:33:16.205 +00:00] [INF] [10] InternalDatabaseMigration: Migration "20250326065026_AddInheritedParentalRatingSubValue" was successfully applied
[2026-05-29 00:33:16.205 +00:00] [INF] [10] InternalDatabaseMigration: Perform migration "20250327101120_AddKeyframeData"
[2026-05-29 00:33:16.230 +00:00] [INF] [10] InternalDatabaseMigration: Migration "20250327101120_AddKeyframeData" was successfully applied
[2026-05-29 00:33:16.230 +00:00] [INF] [10] InternalDatabaseMigration: Perform migration "20250327171413_AddHdr10PlusFlag"
[2026-05-29 00:33:16.255 +00:00] [INF] [10] InternalDatabaseMigration: Migration "20250327171413_AddHdr10PlusFlag" was successfully applied
[2026-05-29 00:33:16.255 +00:00] [INF] [10] InternalDatabaseMigration: Perform migration "20250331182844_FixAttachmentMigration"
[2026-05-29 00:33:16.297 +00:00] [INF] [10] InternalDatabaseMigration: Migration "20250331182844_FixAttachmentMigration" was successfully applied
[2026-05-29 00:33:16.297 +00:00] [INF] [10] InternalDatabaseMigration: Perform migration "20250401142247_FixAncestors"
[2026-05-29 00:33:16.319 +00:00] [INF] [10] InternalDatabaseMigration: Migration "20250401142247_FixAncestors" was successfully applied
[2026-05-29 00:33:16.320 +00:00] [INF] [10] InternalDatabaseMigration: Perform migration "20250405075612_FixItemValuesIndices"
[2026-05-29 00:33:16.343 +00:00] [INF] [10] InternalDatabaseMigration: Migration "20250405075612_FixItemValuesIndices" was successfully applied
[2026-05-29 00:33:16.343 +00:00] [INF] [10] InternalDatabaseMigration: Perform migration "20250609115616_DetachUserDataInsteadOfDelete"
[2026-05-29 00:33:16.398 +00:00] [INF] [10] InternalDatabaseMigration: Migration "20250609115616_DetachUserDataInsteadOfDelete" was successfully applied
[2026-05-29 00:33:16.398 +00:00] [INF] [10] InternalDatabaseMigration: Perform migration "20250622170802_BaseItemImageInfoDateModifiedNullable"
[2026-05-29 00:33:16.438 +00:00] [INF] [10] InternalDatabaseMigration: Migration "20250622170802_BaseItemImageInfoDateModifiedNullable" was successfully applied
[2026-05-29 00:33:16.439 +00:00] [INF] [10] InternalDatabaseMigration: Perform migration "20250714044826_ResetJournalMode"
[2026-05-29 00:33:16.464 +00:00] [INF] [10] InternalDatabaseMigration: Migration "20250714044826_ResetJournalMode" was successfully applied
[2026-05-29 00:33:16.464 +00:00] [INF] [10] InternalDatabaseMigration: Perform migration "20250913211637_AddProperParentChildRelationBaseItemWithCascade"
[2026-05-29 00:33:16.512 +00:00] [INF] [10] InternalDatabaseMigration: Migration "20250913211637_AddProperParentChildRelationBaseItemWithCascade" was successfully applied
[2026-05-29 00:33:16.512 +00:00] [INF] [10] InternalDatabaseMigration: Perform migration "20250925203415_ExtendPeopleMapKey"
[2026-05-29 00:33:16.555 +00:00] [INF] [10] InternalDatabaseMigration: Migration "20250925203415_ExtendPeopleMapKey" was successfully applied
[2026-05-29 00:33:16.555 +00:00] [INF] [10] InternalDatabaseMigration: Perform migration "20260522092303_AddNormalizedUsername"
[2026-05-29 00:33:16.579 +00:00] [INF] [10] InternalDatabaseMigration: Migration "20260522092303_AddNormalizedUsername" was successfully applied
[2026-05-29 00:33:16.580 +00:00] [INF] [10] InternalDatabaseMigration: Perform migration "20260524120336_AddUniqueNormalizedUsernameIndex"
[2026-05-29 00:33:16.603 +00:00] [INF] [10] InternalDatabaseMigration: Migration "20260524120336_AddUniqueNormalizedUsernameIndex" was successfully applied
[2026-05-29 00:33:16.749 +00:00] [INF] [10] Emby.Server.Implementations.AppBase.BaseConfigurationManager: Saving system configuration
[2026-05-29 00:33:16.750 +00:00] [INF] [10] Emby.Server.Implementations.AppBase.BaseConfigurationManager: Setting cache path: "/cache"
[2026-05-29 00:33:16.753 +00:00] [INF] [10] Emby.Server.Implementations.Plugins.PluginManager: Loaded plugin: "TMDb" "10.11.10.0"
[2026-05-29 00:33:16.754 +00:00] [INF] [10] Emby.Server.Implementations.Plugins.PluginManager: Loaded plugin: "Studio Images" "10.11.10.0"
[2026-05-29 00:33:16.754 +00:00] [INF] [10] Emby.Server.Implementations.Plugins.PluginManager: Loaded plugin: "OMDb" "10.11.10.0"
[2026-05-29 00:33:16.763 +00:00] [INF] [10] Emby.Server.Implementations.Plugins.PluginManager: Loaded plugin: "MusicBrainz" "10.11.10.0"
[2026-05-29 00:33:16.764 +00:00] [INF] [10] Emby.Server.Implementations.Plugins.PluginManager: Loaded plugin: "AudioDB" "10.11.10.0"
[2026-05-29 00:33:16.802 +00:00] [INF] [10] Jellyfin.Server.Migrations.JellyfinMigrationService: There are 5 migrations for stage AppInitialisation.
[2026-05-29 00:33:16.802 +00:00] [INF] [10] InternalCodeMigration: Perform migration "20250420090000_AddDefaultPluginRepository"
[2026-05-29 00:33:16.804 +00:00] [INF] [10] Emby.Server.Implementations.AppBase.BaseConfigurationManager: Saving system configuration
[2026-05-29 00:33:16.805 +00:00] [INF] [10] Emby.Server.Implementations.AppBase.BaseConfigurationManager: Setting cache path: "/cache"
[2026-05-29 00:33:16.805 +00:00] [INF] [10] InternalCodeMigration: Migration "20250420090000_AddDefaultPluginRepository" was successfully applied
[2026-05-29 00:33:16.805 +00:00] [INF] [10] InternalCodeMigration: Perform migration "20250420110000_ReaddDefaultPluginRepository"
[2026-05-29 00:33:16.806 +00:00] [INF] [10] InternalCodeMigration: Migration "20250420110000_ReaddDefaultPluginRepository" was successfully applied
[2026-05-29 00:33:16.806 +00:00] [INF] [10] InternalCodeMigration: Perform migration "20250420160000_AddDefaultCastReceivers"
[2026-05-29 00:33:16.807 +00:00] [INF] [10] Emby.Server.Implementations.AppBase.BaseConfigurationManager: Saving system configuration
[2026-05-29 00:33:16.807 +00:00] [INF] [10] Emby.Server.Implementations.AppBase.BaseConfigurationManager: Setting cache path: "/cache"
[2026-05-29 00:33:16.808 +00:00] [INF] [10] InternalCodeMigration: Migration "20250420160000_AddDefaultCastReceivers" was successfully applied
[2026-05-29 00:33:16.808 +00:00] [INF] [10] InternalCodeMigration: Perform migration "20250420170000_UpdateDefaultPluginRepository"
[2026-05-29 00:33:16.808 +00:00] [INF] [10] Emby.Server.Implementations.AppBase.BaseConfigurationManager: Saving system configuration
[2026-05-29 00:33:16.809 +00:00] [INF] [10] Emby.Server.Implementations.AppBase.BaseConfigurationManager: Setting cache path: "/cache"
[2026-05-29 00:33:16.809 +00:00] [INF] [10] InternalCodeMigration: Migration "20250420170000_UpdateDefaultPluginRepository" was successfully applied
[2026-05-29 00:33:16.809 +00:00] [INF] [10] InternalCodeMigration: Perform migration "20250420230000_MoveTrickplayFiles"
[2026-05-29 00:33:17.242 +00:00] [INF] [10] Jellyfin.Server.Migrations.Routines.MoveTrickplayFiles: Checked: 5000 - Moved: 0 - Time: 00:00:00.4312794
[2026-05-29 00:33:17.243 +00:00] [INF] [10] Jellyfin.Server.Migrations.Routines.MoveTrickplayFiles: Moved 0 items in 00:00:00.4327388
[2026-05-29 00:33:17.244 +00:00] [INF] [10] InternalCodeMigration: Migration "20250420230000_MoveTrickplayFiles" was successfully applied
[2026-05-29 00:33:17.244 +00:00] [INF] [10] Main: Attempt to cleanup JellyfinDb backup.
[2026-05-29 00:33:17.276 +00:00] [INF] [4] Main: Kestrel is listening on "0.0.0.0"
[2026-05-29 00:33:17.293 +00:00] [WRN] [10] Microsoft.AspNetCore.DataProtection.KeyManagement.XmlKeyManager: No XML encryptor configured. Key {83dd5c21-3b92-40b8-bbce-9bbd7169a491} may be persisted to storage in unencrypted form.
[2026-05-29 00:33:17.765 +00:00] [WRN] [4] Microsoft.AspNetCore.StaticFiles.StaticFileMiddleware: The WebRootPath was not found: "/wwwroot". Static files may be unavailable.
[2026-05-29 00:33:18.225 +00:00] [INF] [4] Emby.Server.Implementations.ApplicationHost: Running startup tasks
[2026-05-29 00:33:18.235 +00:00] [INF] [4] Emby.Server.Implementations.ScheduledTasks.TaskManager: Daily trigger for "Generate Trickplay Images" set to fire at 2026-05-29 03:00:00.000 +00:00, which is 02:26:41.7651207 from now.
[2026-05-29 00:33:18.237 +00:00] [INF] [4] Emby.Server.Implementations.ScheduledTasks.TaskManager: Daily trigger for "Extract Chapter Images" set to fire at 2026-05-29 02:00:00.000 +00:00, which is 01:26:41.7625351 from now.
[2026-05-29 00:33:18.265 +00:00] [INF] [4] MediaBrowser.MediaEncoding.Encoder.MediaEncoder: Found ffmpeg version "7.1.3"
[2026-05-29 00:33:18.309 +00:00] [INF] [4] MediaBrowser.MediaEncoding.Encoder.MediaEncoder: Available "decoders": ["libdav1d", "av1", "av1_cuvid", "av1_qsv", "h264", "h264_qsv", "h264_cuvid", "hevc", "hevc_qsv", "hevc_cuvid", "mpeg2video", "mpeg2_qsv", "mpeg2_cuvid", "mpeg4", "mpeg4_cuvid", "msmpeg4", "vc1_qsv", "vc1_cuvid", "vp8", "libvpx", "vp8_cuvid", "vp8_qsv", "vp9", "libvpx-vp9", "vp9_cuvid", "vp9_qsv", "aac", "ac3", "ac4", "dca", "flac", "mp3", "truehd"]
[2026-05-29 00:33:18.328 +00:00] [INF] [4] MediaBrowser.MediaEncoding.Encoder.MediaEncoder: Available "encoders": ["libsvtav1", "av1_nvenc", "av1_qsv", "av1_amf", "av1_vaapi", "libx264", "h264_amf", "h264_nvenc", "h264_qsv", "h264_v4l2m2m", "h264_vaapi", "libx265", "hevc_amf", "hevc_nvenc", "hevc_qsv", "hevc_vaapi", "mjpeg_qsv", "mjpeg_vaapi", "aac", "libfdk_aac", "ac3", "alac", "dca", "flac", "libmp3lame", "libopus", "truehd", "libvorbis", "srt"]
[2026-05-29 00:33:18.349 +00:00] [INF] [4] MediaBrowser.MediaEncoding.Encoder.MediaEncoder: Available filters: ["bwdif_cuda", "bwdif_opencl", "deinterlace_qsv", "deinterlace_vaapi", "flip_vulkan", "hwupload_cuda", "hwupload_vaapi", "libplacebo", "overlay_opencl", "overlay_qsv", "overlay_vaapi", "overlay_vulkan", "overlay_cuda", "procamp_vaapi", "scale_cuda", "scale_opencl", "scale_qsv", "scale_vaapi", "scale_vulkan", "tonemapx", "tonemap_cuda", "tonemap_opencl", "tonemap_vaapi", "transpose_cuda", "transpose_opencl", "transpose_vaapi", "transpose_vulkan", "vpp_qsv", "yadif_cuda", "yadif_opencl", "zscale", "alphasrc"]
[2026-05-29 00:33:18.614 +00:00] [INF] [4] MediaBrowser.MediaEncoding.Encoder.MediaEncoder: Available hwaccel types: ["cuda", "vaapi", "qsv", "drm", "opencl", "vulkan"]
[2026-05-29 00:33:20.680 +00:00] [INF] [4] MediaBrowser.MediaEncoding.Encoder.MediaEncoder: FFmpeg: "/usr/lib/jellyfin-ffmpeg/ffmpeg"
[2026-05-29 00:33:20.681 +00:00] [INF] [4] Emby.Server.Implementations.ApplicationHost: ServerId: "e382ff87a65247099385f5b5b089882c"
[2026-05-29 00:33:20.681 +00:00] [INF] [4] Emby.Server.Implementations.ApplicationHost: Core startup complete
[2026-05-29 00:33:20.681 +00:00] [INF] [4] Main: Startup complete 0:00:06.8923613
[2026-05-29 00:33:21.250 +00:00] [INF] [6] Emby.Server.Implementations.ScheduledTasks.TaskManager: "Clean Transcode Directory" Completed after 0 minute(s) and 0 seconds
[2026-05-29 00:33:21.252 +00:00] [INF] [19] Emby.Server.Implementations.ScheduledTasks.TaskManager: "Clean up collections and playlists" Completed after 0 minute(s) and 0 seconds
[2026-05-29 00:33:21.706 +00:00] [INF] [19] Emby.Server.Implementations.ScheduledTasks.TaskManager: "Update Plugins" Completed after 0 minute(s) and 0 seconds
[2026-05-29 00:57:48.974 +00:00] [INF] [68] Emby.Server.Implementations.Session.SessionManager: Sending shutdown notifications
[2026-05-29 00:57:48.983 +00:00] [INF] [66] Main: Running query planner optimizations in the database... This might take a while
[2026-05-29 00:57:49.023 +00:00] [INF] [66] Emby.Server.Implementations.ApplicationHost: Disposing "CoreAppHost"
[2026-05-29 00:57:49.023 +00:00] [INF] [66] Emby.Server.Implementations.ApplicationHost: Disposing "MusicBrainzArtistProvider"
[2026-05-29 00:57:49.024 +00:00] [INF] [66] Emby.Server.Implementations.ApplicationHost: Disposing "MusicBrainzAlbumProvider"
[2026-05-29 00:57:49.024 +00:00] [INF] [66] Emby.Server.Implementations.ApplicationHost: Disposing "PluginManager"
[2026-05-29 00:57:49.782 +00:00] [INF] [1] Emby.Server.Implementations.AppBase.BaseConfigurationManager: Setting cache path: "/cache"
[2026-05-29 00:57:49.944 +00:00] [INF] [9] Jellyfin.Server.ServerSetupApp.SetupServer: Kestrel is listening on "0.0.0.0"
[2026-05-29 00:57:49.968 +00:00] [INF] [9] Main: Jellyfin version: "10.11.10"
[2026-05-29 00:57:49.970 +00:00] [INF] [9] Main: Environment Variables: ["[JELLYFIN_DATA_DIR, /config]", "[JELLYFIN_WEB_DIR, /jellyfin/jellyfin-web]", "[JELLYFIN_CACHE_DIR, /cache]", "[JELLYFIN_FFMPEG, /usr/lib/jellyfin-ffmpeg/ffmpeg]", "[JELLYFIN_CONFIG_DIR, /config/config]", "[JELLYFIN_LOG_DIR, /config/log]"]
[2026-05-29 00:57:49.972 +00:00] [INF] [9] Main: Arguments: ["/jellyfin/jellyfin.dll"]
[2026-05-29 00:57:49.973 +00:00] [INF] [9] Main: Operating system: "Debian GNU/Linux 13 (trixie)"
[2026-05-29 00:57:49.973 +00:00] [INF] [9] Main: Architecture: X64
[2026-05-29 00:57:49.973 +00:00] [INF] [9] Main: 64-Bit Process: True
[2026-05-29 00:57:49.973 +00:00] [INF] [9] Main: User Interactive: True
[2026-05-29 00:57:49.973 +00:00] [INF] [9] Main: Processor count: 4
[2026-05-29 00:57:49.973 +00:00] [INF] [9] Main: Program data path: "/config"
[2026-05-29 00:57:49.973 +00:00] [INF] [9] Main: Log directory path: "/config/log"
[2026-05-29 00:57:49.973 +00:00] [INF] [9] Main: Config directory path: "/config/config"
[2026-05-29 00:57:49.973 +00:00] [INF] [9] Main: Cache path: "/cache"
[2026-05-29 00:57:49.973 +00:00] [INF] [9] Main: Temp directory path: "/tmp/jellyfin"
[2026-05-29 00:57:49.974 +00:00] [INF] [9] Main: Web resources path: "/jellyfin/jellyfin-web"
[2026-05-29 00:57:49.974 +00:00] [INF] [9] Main: Application directory: "/jellyfin/"
[2026-05-29 00:57:49.987 +00:00] [INF] [9] Jellyfin.Server.Startup: Storage path `"/config/data"` (Fixed) successfully checked with "208.6GiB" free which is over the minimum of "2GiB".
[2026-05-29 00:57:49.988 +00:00] [INF] [9] Jellyfin.Server.Startup: Storage path `"/cache"` (Fixed) successfully checked with "208.6GiB" free which is over the minimum of "2GiB".
[2026-05-29 00:57:49.988 +00:00] [INF] [9] Jellyfin.Server.Startup: Storage path `"/config"` (Fixed) successfully checked with "208.6GiB" free which is over the minimum of "2GiB".
[2026-05-29 00:57:49.990 +00:00] [INF] [9] Emby.Server.Implementations.AppBase.BaseConfigurationManager: Setting cache path: "/cache"
[2026-05-29 00:57:50.047 +00:00] [INF] [9] Jellyfin.Database.Providers.Sqlite.SqliteDatabaseProvider: SQLite connection string: "Data Source=/config/data/jellyfin.db;Cache=Default;Default Timeout=30;Pooling=True"
[2026-05-29 00:57:50.052 +00:00] [INF] [9] Jellyfin.Database.Providers.Sqlite.SqliteDatabaseProvider: SQLITE connection pragma command set to: 
"PRAGMA locking_mode=NORMAL;
PRAGMA journal_size_limit=134217728;
PRAGMA synchronous=1;
PRAGMA temp_store=2;
"
[2026-05-29 00:57:50.053 +00:00] [INF] [9] Jellyfin.Database.Implementations.Locking.NoLockBehavior: The database locking mode has been set to: NoLock.
[2026-05-29 00:57:50.081 +00:00] [INF] [9] Jellyfin.Server.Migrations.JellyfinMigrationService: Initialise Migration service.
[2026-05-29 00:57:50.082 +00:00] [INF] [9] Jellyfin.Server.Migrations.JellyfinMigrationService: System initialisation detected. Seed data.
[2026-05-29 00:57:51.097 +00:00] [INF] [9] Jellyfin.Server.Migrations.JellyfinMigrationService: Migration system initialisation completed.
[2026-05-29 00:57:51.103 +00:00] [INF] [9] Jellyfin.Server.Migrations.JellyfinMigrationService: There are 0 migrations for stage PreInitialisation.
[2026-05-29 00:57:51.108 +00:00] [INF] [9] Emby.Server.Implementations.AppBase.BaseConfigurationManager: Setting cache path: "/cache"
[2026-05-29 00:57:51.120 +00:00] [INF] [9] Emby.Server.Implementations.ApplicationHost: Loading assemblies
[2026-05-29 00:57:51.151 +00:00] [INF] [9] Jellyfin.Networking.Manager.NetworkManager: Defined LAN subnets: ["127.0.0.1/8", "10.0.0.0/8", "172.16.0.0/12", "192.168.0.0/16"]
[2026-05-29 00:57:51.151 +00:00] [INF] [9] Jellyfin.Networking.Manager.NetworkManager: Defined LAN exclusions: []
[2026-05-29 00:57:51.152 +00:00] [INF] [9] Jellyfin.Networking.Manager.NetworkManager: Used LAN subnets: ["127.0.0.1/8", "10.0.0.0/8", "172.16.0.0/12", "192.168.0.0/16"]
[2026-05-29 00:57:51.153 +00:00] [INF] [9] Jellyfin.Networking.Manager.NetworkManager: Filtered interface addresses: ["127.0.0.1", "172.18.0.2"]
[2026-05-29 00:57:51.153 +00:00] [INF] [9] Jellyfin.Networking.Manager.NetworkManager: Bind Addresses ["0.0.0.0"]
[2026-05-29 00:57:51.153 +00:00] [INF] [9] Jellyfin.Networking.Manager.NetworkManager: Remote IP filter is "Allowlist"
[2026-05-29 00:57:51.153 +00:00] [INF] [9] Jellyfin.Networking.Manager.NetworkManager: Filtered subnets: []
[2026-05-29 00:57:51.234 +00:00] [INF] [9] Jellyfin.Database.Providers.Sqlite.SqliteDatabaseProvider: SQLite connection string: "Data Source=/config/data/jellyfin.db;Cache=Default;Default Timeout=30;Pooling=True"
[2026-05-29 00:57:51.234 +00:00] [INF] [9] Jellyfin.Database.Providers.Sqlite.SqliteDatabaseProvider: SQLITE connection pragma command set to: 
"PRAGMA locking_mode=NORMAL;
PRAGMA journal_size_limit=134217728;
PRAGMA synchronous=1;
PRAGMA temp_store=2;
"
[2026-05-29 00:57:51.234 +00:00] [INF] [9] Jellyfin.Database.Implementations.Locking.NoLockBehavior: The database locking mode has been set to: NoLock.
[2026-05-29 00:57:51.239 +00:00] [INF] [9] Main: Prepare system for possible migrations
[2026-05-29 00:57:51.278 +00:00] [INF] [9] Jellyfin.Server.Migrations.JellyfinMigrationService: There are 0 migrations for stage CoreInitialisation.
[2026-05-29 00:57:51.425 +00:00] [INF] [9] Emby.Server.Implementations.Plugins.PluginManager: Loaded plugin: "TMDb" "10.11.10.0"
[2026-05-29 00:57:51.425 +00:00] [INF] [9] Emby.Server.Implementations.Plugins.PluginManager: Loaded plugin: "Studio Images" "10.11.10.0"
[2026-05-29 00:57:51.425 +00:00] [INF] [9] Emby.Server.Implementations.Plugins.PluginManager: Loaded plugin: "OMDb" "10.11.10.0"
[2026-05-29 00:57:51.436 +00:00] [INF] [9] Emby.Server.Implementations.Plugins.PluginManager: Loaded plugin: "MusicBrainz" "10.11.10.0"
[2026-05-29 00:57:51.436 +00:00] [INF] [9] Emby.Server.Implementations.Plugins.PluginManager: Loaded plugin: "AudioDB" "10.11.10.0"
[2026-05-29 00:57:51.474 +00:00] [INF] [9] Jellyfin.Server.Migrations.JellyfinMigrationService: There are 0 migrations for stage AppInitialisation.
[2026-05-29 00:57:51.702 +00:00] [INF] [7] Main: Kestrel is listening on "0.0.0.0"
[2026-05-29 00:57:51.718 +00:00] [WRN] [9] Microsoft.AspNetCore.DataProtection.KeyManagement.XmlKeyManager: No XML encryptor configured. Key {26433222-bda3-4264-a644-84166b3b757d} may be persisted to storage in unencrypted form.
[2026-05-29 00:57:52.346 +00:00] [WRN] [7] Microsoft.AspNetCore.StaticFiles.StaticFileMiddleware: The WebRootPath was not found: "/wwwroot". Static files may be unavailable.
[2026-05-29 00:57:52.418 +00:00] [INF] [7] Emby.Server.Implementations.ApplicationHost: Running startup tasks
[2026-05-29 00:57:52.436 +00:00] [INF] [7] Emby.Server.Implementations.ScheduledTasks.TaskManager: Daily trigger for "Generate Trickplay Images" set to fire at 2026-05-29 03:00:00.000 +00:00, which is 02:02:07.5641025 from now.
[2026-05-29 00:57:52.439 +00:00] [INF] [7] Emby.Server.Implementations.ScheduledTasks.TaskManager: Daily trigger for "Extract Chapter Images" set to fire at 2026-05-29 02:00:00.000 +00:00, which is 01:02:07.5608930 from now.
[2026-05-29 00:57:52.474 +00:00] [INF] [7] MediaBrowser.MediaEncoding.Encoder.MediaEncoder: Found ffmpeg version "7.1.3"
[2026-05-29 00:57:52.508 +00:00] [INF] [7] MediaBrowser.MediaEncoding.Encoder.MediaEncoder: Available "decoders": ["libdav1d", "av1", "av1_cuvid", "av1_qsv", "h264", "h264_qsv", "h264_cuvid", "hevc", "hevc_qsv", "hevc_cuvid", "mpeg2video", "mpeg2_qsv", "mpeg2_cuvid", "mpeg4", "mpeg4_cuvid", "msmpeg4", "vc1_qsv", "vc1_cuvid", "vp8", "libvpx", "vp8_cuvid", "vp8_qsv", "vp9", "libvpx-vp9", "vp9_cuvid", "vp9_qsv", "aac", "ac3", "ac4", "dca", "flac", "mp3", "truehd"]
[2026-05-29 00:57:52.528 +00:00] [INF] [7] MediaBrowser.MediaEncoding.Encoder.MediaEncoder: Available "encoders": ["libsvtav1", "av1_nvenc", "av1_qsv", "av1_amf", "av1_vaapi", "libx264", "h264_amf", "h264_nvenc", "h264_qsv", "h264_v4l2m2m", "h264_vaapi", "libx265", "hevc_amf", "hevc_nvenc", "hevc_qsv", "hevc_vaapi", "mjpeg_qsv", "mjpeg_vaapi", "aac", "libfdk_aac", "ac3", "alac", "dca", "flac", "libmp3lame", "libopus", "truehd", "libvorbis", "srt"]
[2026-05-29 00:57:52.548 +00:00] [INF] [7] MediaBrowser.MediaEncoding.Encoder.MediaEncoder: Available filters: ["bwdif_cuda", "bwdif_opencl", "deinterlace_qsv", "deinterlace_vaapi", "flip_vulkan", "hwupload_cuda", "hwupload_vaapi", "libplacebo", "overlay_opencl", "overlay_qsv", "overlay_vaapi", "overlay_vulkan", "overlay_cuda", "procamp_vaapi", "scale_cuda", "scale_opencl", "scale_qsv", "scale_vaapi", "scale_vulkan", "tonemapx", "tonemap_cuda", "tonemap_opencl", "tonemap_vaapi", "transpose_cuda", "transpose_opencl", "transpose_vaapi", "transpose_vulkan", "vpp_qsv", "yadif_cuda", "yadif_opencl", "zscale", "alphasrc"]
[2026-05-29 00:57:52.831 +00:00] [INF] [7] MediaBrowser.MediaEncoding.Encoder.MediaEncoder: Available hwaccel types: ["cuda", "vaapi", "qsv", "drm", "opencl", "vulkan"]
[2026-05-29 00:57:55.186 +00:00] [INF] [7] MediaBrowser.MediaEncoding.Encoder.MediaEncoder: FFmpeg: "/usr/lib/jellyfin-ffmpeg/ffmpeg"
[2026-05-29 00:57:55.187 +00:00] [INF] [7] Emby.Server.Implementations.ApplicationHost: ServerId: "e382ff87a65247099385f5b5b089882c"
[2026-05-29 00:57:55.187 +00:00] [INF] [7] Emby.Server.Implementations.ApplicationHost: Core startup complete
[2026-05-29 00:57:55.187 +00:00] [INF] [7] Main: Startup complete 0:00:05.6478683
[2026-05-29 00:57:55.458 +00:00] [INF] [19] Emby.Server.Implementations.ScheduledTasks.TaskManager: "Clean Transcode Directory" Completed after 0 minute(s) and 0 seconds
[2026-05-29 00:57:55.461 +00:00] [INF] [13] Emby.Server.Implementations.ScheduledTasks.TaskManager: "Clean up collections and playlists" Completed after 0 minute(s) and 0 seconds
[2026-05-29 00:57:55.840 +00:00] [INF] [19] Emby.Server.Implementations.ScheduledTasks.TaskManager: "Update Plugins" Completed after 0 minute(s) and 0 seconds
[2026-05-29 00:58:16.178 +00:00] [INF] [17] Emby.Server.Implementations.Session.SessionManager: Sending shutdown notifications
[2026-05-29 00:58:16.185 +00:00] [INF] [19] Main: Running query planner optimizations in the database... This might take a while
[2026-05-29 00:58:16.209 +00:00] [INF] [19] Emby.Server.Implementations.ApplicationHost: Disposing "CoreAppHost"
[2026-05-29 00:58:16.209 +00:00] [INF] [19] Emby.Server.Implementations.ApplicationHost: Disposing "MusicBrainzArtistProvider"
[2026-05-29 00:58:16.209 +00:00] [INF] [19] Emby.Server.Implementations.ApplicationHost: Disposing "MusicBrainzAlbumProvider"
[2026-05-29 00:58:16.209 +00:00] [INF] [19] Emby.Server.Implementations.ApplicationHost: Disposing "PluginManager"
[2026-05-29 00:58:17.398 +00:00] [INF] [1] Emby.Server.Implementations.AppBase.BaseConfigurationManager: Setting cache path: "/cache"
[2026-05-29 00:58:17.554 +00:00] [INF] [7] Jellyfin.Server.ServerSetupApp.SetupServer: Kestrel is listening on "0.0.0.0"
[2026-05-29 00:58:17.577 +00:00] [INF] [7] Main: Jellyfin version: "10.11.10"
[2026-05-29 00:58:17.580 +00:00] [INF] [7] Main: Environment Variables: ["[JELLYFIN_CACHE_DIR, /cache]", "[JELLYFIN_FFMPEG, /usr/lib/jellyfin-ffmpeg/ffmpeg]", "[JELLYFIN_DATA_DIR, /config]", "[JELLYFIN_LOG_DIR, /config/log]", "[JELLYFIN_WEB_DIR, /jellyfin/jellyfin-web]", "[JELLYFIN_CONFIG_DIR, /config/config]"]
[2026-05-29 00:58:17.582 +00:00] [INF] [7] Main: Arguments: ["/jellyfin/jellyfin.dll"]
[2026-05-29 00:58:17.582 +00:00] [INF] [7] Main: Operating system: "Debian GNU/Linux 13 (trixie)"
[2026-05-29 00:58:17.582 +00:00] [INF] [7] Main: Architecture: X64
[2026-05-29 00:58:17.582 +00:00] [INF] [7] Main: 64-Bit Process: True
[2026-05-29 00:58:17.582 +00:00] [INF] [7] Main: User Interactive: True
[2026-05-29 00:58:17.582 +00:00] [INF] [7] Main: Processor count: 4
[2026-05-29 00:58:17.582 +00:00] [INF] [7] Main: Program data path: "/config"
[2026-05-29 00:58:17.582 +00:00] [INF] [7] Main: Log directory path: "/config/log"
[2026-05-29 00:58:17.583 +00:00] [INF] [7] Main: Config directory path: "/config/config"
[2026-05-29 00:58:17.583 +00:00] [INF] [7] Main: Cache path: "/cache"
[2026-05-29 00:58:17.583 +00:00] [INF] [7] Main: Temp directory path: "/tmp/jellyfin"
[2026-05-29 00:58:17.583 +00:00] [INF] [7] Main: Web resources path: "/jellyfin/jellyfin-web"
[2026-05-29 00:58:17.583 +00:00] [INF] [7] Main: Application directory: "/jellyfin/"
[2026-05-29 00:58:17.596 +00:00] [INF] [7] Jellyfin.Server.Startup: Storage path `"/config/data"` (Fixed) successfully checked with "208.6GiB" free which is over the minimum of "2GiB".
[2026-05-29 00:58:17.597 +00:00] [INF] [7] Jellyfin.Server.Startup: Storage path `"/cache"` (Fixed) successfully checked with "208.6GiB" free which is over the minimum of "2GiB".
[2026-05-29 00:58:17.597 +00:00] [INF] [7] Jellyfin.Server.Startup: Storage path `"/config"` (Fixed) successfully checked with "208.6GiB" free which is over the minimum of "2GiB".
[2026-05-29 00:58:17.600 +00:00] [INF] [7] Emby.Server.Implementations.AppBase.BaseConfigurationManager: Setting cache path: "/cache"
[2026-05-29 00:58:17.657 +00:00] [INF] [7] Jellyfin.Database.Providers.Sqlite.SqliteDatabaseProvider: SQLite connection string: "Data Source=/config/data/jellyfin.db;Cache=Default;Default Timeout=30;Pooling=True"
[2026-05-29 00:58:17.662 +00:00] [INF] [7] Jellyfin.Database.Providers.Sqlite.SqliteDatabaseProvider: SQLITE connection pragma command set to: 
"PRAGMA locking_mode=NORMAL;
PRAGMA journal_size_limit=134217728;
PRAGMA synchronous=1;
PRAGMA temp_store=2;
"
[2026-05-29 00:58:17.663 +00:00] [INF] [7] Jellyfin.Database.Implementations.Locking.NoLockBehavior: The database locking mode has been set to: NoLock.
[2026-05-29 00:58:17.692 +00:00] [INF] [7] Jellyfin.Server.Migrations.JellyfinMigrationService: Initialise Migration service.
[2026-05-29 00:58:17.692 +00:00] [INF] [7] Jellyfin.Server.Migrations.JellyfinMigrationService: System initialisation detected. Seed data.
[2026-05-29 00:58:18.710 +00:00] [INF] [7] Jellyfin.Server.Migrations.JellyfinMigrationService: Migration system initialisation completed.
[2026-05-29 00:58:18.716 +00:00] [INF] [7] Jellyfin.Server.Migrations.JellyfinMigrationService: There are 0 migrations for stage PreInitialisation.
[2026-05-29 00:58:18.722 +00:00] [INF] [7] Emby.Server.Implementations.AppBase.BaseConfigurationManager: Setting cache path: "/cache"
[2026-05-29 00:58:18.733 +00:00] [INF] [7] Emby.Server.Implementations.ApplicationHost: Loading assemblies
[2026-05-29 00:58:18.764 +00:00] [INF] [7] Jellyfin.Networking.Manager.NetworkManager: Defined LAN subnets: ["127.0.0.1/8", "10.0.0.0/8", "172.16.0.0/12", "192.168.0.0/16"]
[2026-05-29 00:58:18.764 +00:00] [INF] [7] Jellyfin.Networking.Manager.NetworkManager: Defined LAN exclusions: []
[2026-05-29 00:58:18.765 +00:00] [INF] [7] Jellyfin.Networking.Manager.NetworkManager: Used LAN subnets: ["127.0.0.1/8", "10.0.0.0/8", "172.16.0.0/12", "192.168.0.0/16"]
[2026-05-29 00:58:18.766 +00:00] [INF] [7] Jellyfin.Networking.Manager.NetworkManager: Filtered interface addresses: ["127.0.0.1", "172.18.0.2"]
[2026-05-29 00:58:18.766 +00:00] [INF] [7] Jellyfin.Networking.Manager.NetworkManager: Bind Addresses ["0.0.0.0"]
[2026-05-29 00:58:18.766 +00:00] [INF] [7] Jellyfin.Networking.Manager.NetworkManager: Remote IP filter is "Allowlist"
[2026-05-29 00:58:18.766 +00:00] [INF] [7] Jellyfin.Networking.Manager.NetworkManager: Filtered subnets: []
[2026-05-29 00:58:18.852 +00:00] [INF] [7] Jellyfin.Database.Providers.Sqlite.SqliteDatabaseProvider: SQLite connection string: "Data Source=/config/data/jellyfin.db;Cache=Default;Default Timeout=30;Pooling=True"
[2026-05-29 00:58:18.852 +00:00] [INF] [7] Jellyfin.Database.Providers.Sqlite.SqliteDatabaseProvider: SQLITE connection pragma command set to: 
"PRAGMA locking_mode=NORMAL;
PRAGMA journal_size_limit=134217728;
PRAGMA synchronous=1;
PRAGMA temp_store=2;
"
[2026-05-29 00:58:18.852 +00:00] [INF] [7] Jellyfin.Database.Implementations.Locking.NoLockBehavior: The database locking mode has been set to: NoLock.
[2026-05-29 00:58:18.857 +00:00] [INF] [7] Main: Prepare system for possible migrations
[2026-05-29 00:58:18.891 +00:00] [INF] [7] Jellyfin.Server.Migrations.JellyfinMigrationService: There are 0 migrations for stage CoreInitialisation.
[2026-05-29 00:58:19.039 +00:00] [INF] [7] Emby.Server.Implementations.Plugins.PluginManager: Loaded plugin: "TMDb" "10.11.10.0"
[2026-05-29 00:58:19.040 +00:00] [INF] [7] Emby.Server.Implementations.Plugins.PluginManager: Loaded plugin: "Studio Images" "10.11.10.0"
[2026-05-29 00:58:19.040 +00:00] [INF] [7] Emby.Server.Implementations.Plugins.PluginManager: Loaded plugin: "OMDb" "10.11.10.0"
[2026-05-29 00:58:19.050 +00:00] [INF] [7] Emby.Server.Implementations.Plugins.PluginManager: Loaded plugin: "MusicBrainz" "10.11.10.0"
[2026-05-29 00:58:19.050 +00:00] [INF] [7] Emby.Server.Implementations.Plugins.PluginManager: Loaded plugin: "AudioDB" "10.11.10.0"
[2026-05-29 00:58:19.089 +00:00] [INF] [7] Jellyfin.Server.Migrations.JellyfinMigrationService: There are 0 migrations for stage AppInitialisation.
[2026-05-29 00:58:19.315 +00:00] [INF] [13] Main: Kestrel is listening on "0.0.0.0"
[2026-05-29 00:58:19.331 +00:00] [WRN] [10] Microsoft.AspNetCore.DataProtection.KeyManagement.XmlKeyManager: No XML encryptor configured. Key {d8e8d0c2-e77d-44db-b25a-ab9408f2c1c6} may be persisted to storage in unencrypted form.
[2026-05-29 00:58:19.953 +00:00] [WRN] [13] Microsoft.AspNetCore.StaticFiles.StaticFileMiddleware: The WebRootPath was not found: "/wwwroot". Static files may be unavailable.
[2026-05-29 00:58:20.031 +00:00] [INF] [13] Emby.Server.Implementations.ApplicationHost: Running startup tasks
[2026-05-29 00:58:20.041 +00:00] [INF] [13] Emby.Server.Implementations.ScheduledTasks.TaskManager: Daily trigger for "Generate Trickplay Images" set to fire at 2026-05-29 03:00:00.000 +00:00, which is 02:01:39.9589990 from now.
[2026-05-29 00:58:20.044 +00:00] [INF] [13] Emby.Server.Implementations.ScheduledTasks.TaskManager: Daily trigger for "Extract Chapter Images" set to fire at 2026-05-29 02:00:00.000 +00:00, which is 01:01:39.9556574 from now.
[2026-05-29 00:58:20.080 +00:00] [INF] [13] MediaBrowser.MediaEncoding.Encoder.MediaEncoder: Found ffmpeg version "7.1.3"
[2026-05-29 00:58:20.114 +00:00] [INF] [13] MediaBrowser.MediaEncoding.Encoder.MediaEncoder: Available "decoders": ["libdav1d", "av1", "av1_cuvid", "av1_qsv", "h264", "h264_qsv", "h264_cuvid", "hevc", "hevc_qsv", "hevc_cuvid", "mpeg2video", "mpeg2_qsv", "mpeg2_cuvid", "mpeg4", "mpeg4_cuvid", "msmpeg4", "vc1_qsv", "vc1_cuvid", "vp8", "libvpx", "vp8_cuvid", "vp8_qsv", "vp9", "libvpx-vp9", "vp9_cuvid", "vp9_qsv", "aac", "ac3", "ac4", "dca", "flac", "mp3", "truehd"]
[2026-05-29 00:58:20.133 +00:00] [INF] [13] MediaBrowser.MediaEncoding.Encoder.MediaEncoder: Available "encoders": ["libsvtav1", "av1_nvenc", "av1_qsv", "av1_amf", "av1_vaapi", "libx264", "h264_amf", "h264_nvenc", "h264_qsv", "h264_v4l2m2m", "h264_vaapi", "libx265", "hevc_amf", "hevc_nvenc", "hevc_qsv", "hevc_vaapi", "mjpeg_qsv", "mjpeg_vaapi", "aac", "libfdk_aac", "ac3", "alac", "dca", "flac", "libmp3lame", "libopus", "truehd", "libvorbis", "srt"]
[2026-05-29 00:58:20.154 +00:00] [INF] [13] MediaBrowser.MediaEncoding.Encoder.MediaEncoder: Available filters: ["bwdif_cuda", "bwdif_opencl", "deinterlace_qsv", "deinterlace_vaapi", "flip_vulkan", "hwupload_cuda", "hwupload_vaapi", "libplacebo", "overlay_opencl", "overlay_qsv", "overlay_vaapi", "overlay_vulkan", "overlay_cuda", "procamp_vaapi", "scale_cuda", "scale_opencl", "scale_qsv", "scale_vaapi", "scale_vulkan", "tonemapx", "tonemap_cuda", "tonemap_opencl", "tonemap_vaapi", "transpose_cuda", "transpose_opencl", "transpose_vaapi", "transpose_vulkan", "vpp_qsv", "yadif_cuda", "yadif_opencl", "zscale", "alphasrc"]
[2026-05-29 00:58:20.427 +00:00] [INF] [13] MediaBrowser.MediaEncoding.Encoder.MediaEncoder: Available hwaccel types: ["cuda", "vaapi", "qsv", "drm", "opencl", "vulkan"]
[2026-05-29 00:58:22.313 +00:00] [INF] [13] MediaBrowser.MediaEncoding.Encoder.MediaEncoder: FFmpeg: "/usr/lib/jellyfin-ffmpeg/ffmpeg"
[2026-05-29 00:58:22.314 +00:00] [INF] [13] Emby.Server.Implementations.ApplicationHost: ServerId: "e382ff87a65247099385f5b5b089882c"
[2026-05-29 00:58:22.314 +00:00] [INF] [13] Emby.Server.Implementations.ApplicationHost: Core startup complete
[2026-05-29 00:58:22.314 +00:00] [INF] [13] Main: Startup complete 0:00:05.1623903
[2026-05-29 00:58:23.070 +00:00] [INF] [9] Emby.Server.Implementations.ScheduledTasks.TaskManager: "Clean Transcode Directory" Completed after 0 minute(s) and 0 seconds
[2026-05-29 00:58:23.072 +00:00] [INF] [19] Emby.Server.Implementations.ScheduledTasks.TaskManager: "Clean up collections and playlists" Completed after 0 minute(s) and 0 seconds
[2026-05-29 00:58:23.573 +00:00] [INF] [9] Emby.Server.Implementations.ScheduledTasks.TaskManager: "Update Plugins" Completed after 0 minute(s) and 0 seconds
[2026-05-29 01:21:37.833 +00:00] [INF] [22] Emby.Server.Implementations.AppBase.BaseConfigurationManager: Saving system configuration
[2026-05-29 01:21:37.835 +00:00] [INF] [22] Emby.Server.Implementations.AppBase.BaseConfigurationManager: Setting cache path: "/cache"
[2026-05-29 01:21:37.962 +00:00] [WRN] [46] Jellyfin.Server.Implementations.Users.UserManager: No users, creating one with username "root"
[2026-05-29 01:21:38.246 +00:00] [WRN] [46] Microsoft.EntityFrameworkCore.Query: The query uses the 'First'/'FirstOrDefault' operator without 'OrderBy' and filter operators. This may lead to unpredictable results.
[2026-05-29 01:24:23.317 +00:00] [WRN] [20] MediaBrowser.Controller.Entities.BaseItem: Library folder "/media/movies" is inaccessible or empty, skipping
[2026-05-29 01:24:23.319 +00:00] [WRN] [20] MediaBrowser.Controller.Entities.BaseItem: Library folder "/config/data/playlists" is inaccessible or empty, skipping
[2026-05-29 01:25:05.752 +00:00] [WRN] [41] MediaBrowser.Controller.Entities.BaseItem: Library folder "/media/movies" is inaccessible or empty, skipping
[2026-05-29 01:25:05.753 +00:00] [WRN] [41] MediaBrowser.Controller.Entities.BaseItem: Library folder "/media/tv" is inaccessible or empty, skipping
[2026-05-29 01:25:05.753 +00:00] [WRN] [41] MediaBrowser.Controller.Entities.BaseItem: Library folder "/config/data/playlists" is inaccessible or empty, skipping
[2026-05-29 01:26:18.451 +00:00] [INF] [3] Emby.Server.Implementations.AppBase.BaseConfigurationManager: Saving system configuration
[2026-05-29 01:26:18.452 +00:00] [INF] [3] Emby.Server.Implementations.AppBase.BaseConfigurationManager: Setting cache path: "/cache"
[2026-05-29 01:26:20.092 +00:00] [INF] [20] Jellyfin.Networking.Manager.NetworkManager: Defined LAN subnets: ["127.0.0.1/8", "10.0.0.0/8", "172.16.0.0/12", "192.168.0.0/16"]
[2026-05-29 01:26:20.092 +00:00] [INF] [20] Jellyfin.Networking.Manager.NetworkManager: Defined LAN exclusions: []
[2026-05-29 01:26:20.092 +00:00] [INF] [20] Jellyfin.Networking.Manager.NetworkManager: Used LAN subnets: ["127.0.0.1/8", "10.0.0.0/8", "172.16.0.0/12", "192.168.0.0/16"]
[2026-05-29 01:26:20.093 +00:00] [INF] [20] Jellyfin.Networking.Manager.NetworkManager: Filtered interface addresses: ["127.0.0.1", "172.18.0.2"]
[2026-05-29 01:26:20.093 +00:00] [INF] [20] Jellyfin.Networking.Manager.NetworkManager: Bind Addresses ["0.0.0.0"]
[2026-05-29 01:26:20.093 +00:00] [INF] [20] Jellyfin.Networking.Manager.NetworkManager: Remote IP filter is "Allowlist"
[2026-05-29 01:26:20.093 +00:00] [INF] [20] Jellyfin.Networking.Manager.NetworkManager: Filtered subnets: []
[2026-05-29 01:26:21.309 +00:00] [INF] [21] Emby.Server.Implementations.AppBase.BaseConfigurationManager: Saving system configuration
[2026-05-29 01:26:21.310 +00:00] [INF] [21] Emby.Server.Implementations.AppBase.BaseConfigurationManager: Setting cache path: "/cache"
[2026-05-29 01:26:21.317 +00:00] [INF] [3] Emby.Server.Implementations.Library.LibraryManager: Validating media library
[2026-05-29 01:26:21.323 +00:00] [WRN] [3] MediaBrowser.Controller.Entities.BaseItem: Library folder "/media/movies" is inaccessible or empty, skipping
[2026-05-29 01:26:21.323 +00:00] [WRN] [3] MediaBrowser.Controller.Entities.BaseItem: Library folder "/media/tv" is inaccessible or empty, skipping
[2026-05-29 01:26:21.323 +00:00] [WRN] [3] MediaBrowser.Controller.Entities.BaseItem: Library folder "/config/data/playlists" is inaccessible or empty, skipping
[2026-05-29 01:26:21.351 +00:00] [WRN] [23] MediaBrowser.Controller.Entities.BaseItem: Library folder "/media/movies" is inaccessible or empty, skipping
[2026-05-29 01:26:21.352 +00:00] [WRN] [23] MediaBrowser.Controller.Entities.BaseItem: Library folder "/media/tv" is inaccessible or empty, skipping
[2026-05-29 01:26:21.352 +00:00] [WRN] [23] MediaBrowser.Controller.Entities.BaseItem: Library folder "/config/data/playlists" is inaccessible or empty, skipping
[2026-05-29 01:26:21.564 +00:00] [INF] [23] Emby.Server.Implementations.ScheduledTasks.TaskManager: "Scan Media Library" Completed after 0 minute(s) and 0 seconds
[2026-05-29 01:26:49.274 +00:00] [INF] [41] Jellyfin.Server.Implementations.Users.UserManager: Authentication request for "jasfin" has been denied (IP: "172.18.0.1").
[2026-05-29 01:26:49.275 +00:00] [ERR] [41] Jellyfin.Api.Middleware.ExceptionMiddleware: Error processing request: "Invalid username or password entered". URL "POST" "/Users/authenticatebyname".
[2026-05-29 01:27:20.199 +00:00] [INF] [20] Jellyfin.Server.Implementations.Users.UserManager: Authentication request for "jasfin" has been denied (IP: "172.18.0.1").
[2026-05-29 01:27:20.200 +00:00] [ERR] [20] Jellyfin.Api.Middleware.ExceptionMiddleware: Error processing request: "Invalid username or password entered". URL "POST" "/Users/authenticatebyname".
[2026-05-29 01:27:36.372 +00:00] [INF] [41] Jellyfin.Server.Implementations.Users.UserManager: Authentication request for "jasmon" has been denied (IP: "172.18.0.1").
[2026-05-29 01:27:36.372 +00:00] [ERR] [41] Jellyfin.Api.Middleware.ExceptionMiddleware: Error processing request: "Invalid username or password entered". URL "POST" "/Users/authenticatebyname".
[2026-05-29 01:27:44.255 +00:00] [INF] [19] Jellyfin.Server.Implementations.Users.UserManager: Authentication request for "jasfin" has been denied (IP: "172.18.0.1").
[2026-05-29 01:27:44.256 +00:00] [ERR] [19] Jellyfin.Api.Middleware.ExceptionMiddleware: Error processing request: "Invalid username or password entered". URL "POST" "/Users/authenticatebyname".
[2026-05-29 01:28:15.824 +00:00] [INF] [20] Jellyfin.Server.Implementations.Users.UserManager: Authentication request for "ensucasa" has been denied (IP: "172.18.0.1").
[2026-05-29 01:28:15.825 +00:00] [ERR] [20] Jellyfin.Api.Middleware.ExceptionMiddleware: Error processing request: "Invalid username or password entered". URL "POST" "/Users/authenticatebyname".
[2026-05-29 01:28:20.505 +00:00] [INF] [41] Jellyfin.Server.Implementations.Users.UserManager: Authentication request for "ensucasa" has been denied (IP: "172.18.0.1").
[2026-05-29 01:28:20.506 +00:00] [ERR] [41] Jellyfin.Api.Middleware.ExceptionMiddleware: Error processing request: "Invalid username or password entered". URL "POST" "/Users/authenticatebyname".
[2026-05-29 01:28:26.342 +00:00] [INF] [20] Jellyfin.Server.Implementations.Users.UserManager: Authentication request for "ensucasa" has been denied (IP: "172.18.0.1").
[2026-05-29 01:28:26.343 +00:00] [ERR] [20] Jellyfin.Api.Middleware.ExceptionMiddleware: Error processing request: "Invalid username or password entered". URL "POST" "/Users/authenticatebyname".
[2026-05-29 01:28:44.775 +00:00] [INF] [41] Jellyfin.Server.Implementations.Users.UserManager: Authentication request for "ensucasa" has been denied (IP: "172.18.0.1").
[2026-05-29 01:28:44.776 +00:00] [ERR] [41] Jellyfin.Api.Middleware.ExceptionMiddleware: Error processing request: "Invalid username or password entered". URL "POST" "/Users/authenticatebyname".
[2026-05-29 01:29:07.301 +00:00] [INF] [13] Jellyfin.Server.Implementations.Users.UserManager: Authentication request for "868855" has been denied (IP: "172.18.0.1").
[2026-05-29 01:29:07.302 +00:00] [ERR] [13] Jellyfin.Api.Middleware.ExceptionMiddleware: Error processing request: "Invalid username or password entered". URL "POST" "/Users/authenticatebyname".
[2026-05-29 01:29:29.727 +00:00] [INF] [10] Jellyfin.Server.Implementations.Users.UserManager: Authentication request for "jasfin" has been denied (IP: "172.18.0.1").
[2026-05-29 01:29:29.728 +00:00] [ERR] [10] Jellyfin.Api.Middleware.ExceptionMiddleware: Error processing request: "Invalid username or password entered". URL "POST" "/Users/authenticatebyname".
[2026-05-29 01:29:35.768 +00:00] [INF] [9] Jellyfin.Server.Implementations.Users.UserManager: Authentication request for "enucasa" has been denied (IP: "172.18.0.1").
[2026-05-29 01:29:35.769 +00:00] [ERR] [9] Jellyfin.Api.Middleware.ExceptionMiddleware: Error processing request: "Invalid username or password entered". URL "POST" "/Users/authenticatebyname".
[2026-05-29 01:30:01.673 +00:00] [INF] [7] Jellyfin.Server.Implementations.Users.UserManager: Authentication request for "ensucasa" has been denied (IP: "172.18.0.1").
[2026-05-29 01:30:01.673 +00:00] [ERR] [7] Jellyfin.Api.Middleware.ExceptionMiddleware: Error processing request: "Invalid username or password entered". URL "POST" "/Users/authenticatebyname".
[2026-05-29 01:37:49.929 +00:00] [INF] [34] Emby.Server.Implementations.Session.SessionManager: Sending shutdown notifications
[2026-05-29 01:37:49.933 +00:00] [INF] [35] Main: Running query planner optimizations in the database... This might take a while
[2026-05-29 01:37:49.965 +00:00] [INF] [35] Emby.Server.Implementations.ApplicationHost: Disposing "CoreAppHost"
[2026-05-29 01:37:49.965 +00:00] [INF] [35] Emby.Server.Implementations.ApplicationHost: Disposing "MusicBrainzArtistProvider"
[2026-05-29 01:37:49.965 +00:00] [INF] [35] Emby.Server.Implementations.ApplicationHost: Disposing "MusicBrainzAlbumProvider"
[2026-05-29 01:37:49.965 +00:00] [INF] [35] Emby.Server.Implementations.ApplicationHost: Disposing "PluginManager"
